// Jest Snapshot v1, https://goo.gl/fbAQLP

exports[`<Footer/> snapshot should render correctly 1`] = `
<p>
  Show:
   
  <a
    className="active"
    href="/"
    onClick={[Function]}
    style={
      Object {
        "color": "black",
        "textDecoration": "none",
      }
    }
  >
    All
  </a>
   | 
  <a
    className={undefined}
    href="/active"
    onClick={[Function]}
    style={undefined}
  >
    Active
  </a>
   | 
  <a
    className={undefined}
    href="/completed"
    onClick={[Function]}
    style={undefined}
  >
    Completed
  </a>
</p>
`;
